{
  "version": "1.5.0",
  "plugins_used": [
    {
      "name": "ArtifactoryDetector"
    },
    {
      "name": "AWSKeyDetector"
    },
    {
      "name": "AzureStorageKeyDetector"
    },
    {
      "name": "Base64HighEntropyString",
      "limit": 4.5
    },
    {
      "name": "BasicAuthDetector"
    },
    {
      "name": "CloudantDetector"
    },
    {
      "name": "DiscordBotTokenDetector"
    },
    {
      "name": "GitHubTokenDetector"
    },
    {
      "name": "GitLabTokenDetector"
    },
    {
      "name": "HexHighEntropyString",
      "limit": 3.0
    },
    {
      "name": "IbmCloudIamDetector"
    },
    {
      "name": "IbmCosHmacDetector"
    },
    {
      "name": "IPPublicDetector"
    },
    {
      "name": "JwtTokenDetector"
    },
    {
      "name": "KeywordDetector",
      "keyword_exclude": ""
    },
    {
      "name": "MailchimpDetector"
    },
    {
      "name": "NpmDetector"
    },
    {
      "name": "OpenAIDetector"
    },
    {
      "name": "PrivateKeyDetector"
    },
    {
      "name": "PypiTokenDetector"
    },
    {
      "name": "SendGridDetector"
    },
    {
      "name": "SlackDetector"
    },
    {
      "name": "SoftlayerDetector"
    },
    {
      "name": "SquareOAuthDetector"
    },
    {
      "name": "StripeDetector"
    },
    {
      "name": "TelegramBotTokenDetector"
    },
    {
      "name": "TwilioKeyDetector"
    }
  ],
  "filters_used": [
    {
      "path": "detect_secrets.filters.allowlist.is_line_allowlisted"
    },
    {
      "path": "detect_secrets.filters.common.is_ignored_due_to_verification_policies",
      "min_level": 2
    },
    {
      "path": "detect_secrets.filters.heuristic.is_indirect_reference"
    },
    {
      "path": "detect_secrets.filters.heuristic.is_likely_id_string"
    },
    {
      "path": "detect_secrets.filters.heuristic.is_lock_file"
    },
    {
      "path": "detect_secrets.filters.heuristic.is_not_alphanumeric_string"
    },
    {
      "path": "detect_secrets.filters.heuristic.is_potential_uuid"
    },
    {
      "path": "detect_secrets.filters.heuristic.is_prefixed_with_dollar_sign"
    },
    {
      "path": "detect_secrets.filters.heuristic.is_sequential_string"
    },
    {
      "path": "detect_secrets.filters.heuristic.is_swagger_file"
    },
    {
      "path": "detect_secrets.filters.heuristic.is_templated_secret"
    }
  ],
  "results": {
    "backend/command_service/test/fixtures/public_snapshot_sizes.json": [
      {
        "type": "Hex High Entropy String",
        "filename": "backend/command_service/test/fixtures/public_snapshot_sizes.json",
        "hashed_secret": "fc35e6eefc3feae7d4efd8f8ed1a6fff4fd7164a",
        "is_verified": false,
        "line_number": 10,
        "is_secret": false
      },
      {
        "type": "Hex High Entropy String",
        "filename": "backend/command_service/test/fixtures/public_snapshot_sizes.json",
        "hashed_secret": "db921838c946f44cdcb469f682f3100c6cc2867d",
        "is_verified": false,
        "line_number": 16,
        "is_secret": false
      },
      {
        "type": "Hex High Entropy String",
        "filename": "backend/command_service/test/fixtures/public_snapshot_sizes.json",
        "hashed_secret": "3dec1b14a7f6535b88b21ccc59d07909e679523f",
        "is_verified": false,
        "line_number": 28,
        "is_secret": false
      },
      {
        "type": "Hex High Entropy String",
        "filename": "backend/command_service/test/fixtures/public_snapshot_sizes.json",
        "hashed_secret": "41a4813b04a260f20d08ef372c370ecc399111fc",
        "is_verified": false,
        "line_number": 40,
        "is_secret": false
      },
      {
        "type": "Hex High Entropy String",
        "filename": "backend/command_service/test/fixtures/public_snapshot_sizes.json",
        "hashed_secret": "c46dd45c25f4c8a0bd1ff170f6a19ec0ef1f23eb",
        "is_verified": false,
        "line_number": 46,
        "is_secret": false
      },
      {
        "type": "Hex High Entropy String",
        "filename": "backend/command_service/test/fixtures/public_snapshot_sizes.json",
        "hashed_secret": "d0f3d12aef4cc13b3a2dc8733709d75991e0ca72",
        "is_verified": false,
        "line_number": 52,
        "is_secret": false
      },
      {
        "type": "Hex High Entropy String",
        "filename": "backend/command_service/test/fixtures/public_snapshot_sizes.json",
        "hashed_secret": "eb998f50e01a0da2a002b92e5642873d20b60348",
        "is_verified": false,
        "line_number": 58,
        "is_secret": false
      },
      {
        "type": "Hex High Entropy String",
        "filename": "backend/command_service/test/fixtures/public_snapshot_sizes.json",
        "hashed_secret": "3b654b0be0703512fd2df66e46d8db866e2b85b6",
        "is_verified": false,
        "line_number": 64,
        "is_secret": false
      },
      {
        "type": "Hex High Entropy String",
        "filename": "backend/command_service/test/fixtures/public_snapshot_sizes.json",
        "hashed_secret": "72c164696ece8f5df7ab61bb2f71d5bbd3ccdac0",
        "is_verified": false,
        "line_number": 70,
        "is_secret": false
      },
      {
        "type": "Hex High Entropy String",
        "filename": "backend/command_service/test/fixtures/public_snapshot_sizes.json",
        "hashed_secret": "66460699a397c92b77a654072352004fca16ad45",
        "is_verified": false,
        "line_number": 76,
        "is_secret": false
      },
      {
        "type": "Hex High Entropy String",
        "filename": "backend/command_service/test/fixtures/public_snapshot_sizes.json",
        "hashed_secret": "e0cf46865b0ae95a2c6cf36260c7a2f76eb305fa",
        "is_verified": false,
        "line_number": 82,
        "is_secret": false
      },
      {
        "type": "Hex High Entropy String",
        "filename": "backend/command_service/test/fixtures/public_snapshot_sizes.json",
        "hashed_secret": "972dc0c3546c0ceaf39cbdb309a8592286e19872",
        "is_verified": false,
        "line_number": 88,
        "is_secret": false
      },
      {
        "type": "Hex High Entropy String",
        "filename": "backend/command_service/test/fixtures/public_snapshot_sizes.json",
        "hashed_secret": "9262b465f99ad340f91889e756c2c08bfde4b850",
        "is_verified": false,
        "line_number": 94,
        "is_secret": false
      },
      {
        "type": "Hex High Entropy String",
        "filename": "backend/command_service/test/fixtures/public_snapshot_sizes.json",
        "hashed_secret": "85a57883df53b665ca1dbb0992b1d9342b7e8812",
        "is_verified": false,
        "line_number": 100,
        "is_secret": false
      }
    ]
  },
  "generated_at": "2026-09-08T19:07:47Z"
}
